Calc_Dump prints:
[0x7ba035400170]

Bite code structure:
{
size = 224
buffer:
{
	[0] = 64
	[1] = 168
	[2] = 1
	[3] = 0
	[4] = 33
	[5] = 0
	[6] = 1
	[7] = 0
	[8] = 3
	[9] = -559023410
	[10] = 34
	[11] = 1
	[12] = 73
	[13] = 1
	[14] = 1
	[15] = 1
	[16] = 67
	[17] = 26
	[18] = 2
	[19] = -559023410
	[20] = 2
	[21] = -559023410
	[22] = 1
	[23] = 0
	[24] = 64
	[25] = 32
	[26] = 2
	[27] = -559023410
	[28] = 2
	[29] = -559023410
	[30] = 1
	[31] = 1
	[32] = 69
	[33] = 152
	[34] = 2
	[35] = -559023410
	[36] = 2
	[37] = -559023410
	[38] = 33
	[39] = 0
	[40] = 1
	[41] = 0
	[42] = 3
	[43] = -559023410
	[44] = 34
	[45] = 1
	[46] = 73
	[47] = 1
	[48] = 1
	[49] = 1
	[50] = 4
	[51] = -559023410
	[52] = 33
	[53] = 0
	[54] = 1
	[55] = 2
	[56] = 3
	[57] = -559023410
	[58] = 34
	[59] = 0
	[60] = 33
	[61] = 0
	[62] = 1
	[63] = 0
	[64] = 3
	[65] = -559023410
	[66] = 34
	[67] = 1
	[68] = 74
	[69] = 1
	[70] = 71
	[71] = 2
	[72] = 33
	[73] = 0
	[74] = 1
	[75] = 2
	[76] = 4
	[77] = -559023410
	[78] = 34
	[79] = 0
	[80] = 33
	[81] = 0
	[82] = 1
	[83] = 0
	[84] = 3
	[85] = -559023410
	[86] = 34
	[87] = 1
	[88] = 73
	[89] = 1
	[90] = 5
	[91] = -559023410
	[92] = 1
	[93] = 1
	[94] = 33
	[95] = 0
	[96] = 3
	[97] = -559023410
	[98] = 34
	[99] = 1
	[100] = 74
	[101] = 1
	[102] = 1
	[103] = 0
	[104] = 1
	[105] = 2
	[106] = 33
	[107] = 0
	[108] = 3
	[109] = -559023410
	[110] = 34
	[111] = 1
	[112] = 74
	[113] = 1
	[114] = 33
	[115] = 0
	[116] = 1
	[117] = 2
	[118] = 3
	[119] = -559023410
	[120] = 34
	[121] = 1
	[122] = 73
	[123] = 1
	[124] = 1
	[125] = 1
	[126] = 3
	[127] = -559023410
	[128] = 1
	[129] = 2
	[130] = 33
	[131] = 0
	[132] = 3
	[133] = -559023410
	[134] = 34
	[135] = 1
	[136] = 74
	[137] = 1
	[138] = 33
	[139] = 0
	[140] = 1
	[141] = 1
	[142] = 3
	[143] = -559023410
	[144] = 34
	[145] = 1
	[146] = 73
	[147] = 1
	[148] = 72
	[149] = -559023410
	[150] = 64
	[151] = 156
	[152] = 2
	[153] = -559023410
	[154] = 2
	[155] = -559023410
	[156] = 33
	[157] = 0
	[158] = 1
	[159] = 0
	[160] = 3
	[161] = -559023410
	[162] = 34
	[163] = 1
	[164] = 73
	[165] = 1
	[166] = 72
	[167] = -559023410
	[168] = 1
	[169] = 5
	[170] = 33
	[171] = 0
	[172] = 1
	[173] = 8
	[174] = 3
	[175] = -559023410
	[176] = 34
	[177] = 0
	[178] = 33
	[179] = 0
	[180] = 1
	[181] = 0
	[182] = 3
	[183] = -559023410
	[184] = 34
	[185] = 1
	[186] = 74
	[187] = 1
	[188] = 71
	[189] = 2
	[190] = 33
	[191] = 0
	[192] = 1
	[193] = 8
	[194] = 4
	[195] = -559023410
	[196] = 34
	[197] = 0
	[198] = 1
	[199] = 0
	[200] = 33
	[201] = 0
	[202] = 3
	[203] = -559023410
	[204] = 34
	[205] = 1
	[206] = 74
	[207] = 1
	[208] = 33
	[209] = 0
	[210] = 1
	[211] = 0
	[212] = 3
	[213] = -559023410
	[214] = 34
	[215] = 1
	[216] = 73
	[217] = 1
	[218] = 75
	[219] = -559023410
	[220] = 0
	[221] = -559023410
	[222] = 0
	[223] = -559023410
}

Register buffer:
{
	[0] = 0
	[1] = 0
	[2] = 0
	[3] = 0
	[4] = 0
	[5] = 0
	[6] = 0
	[7] = 0
}

Calculation stack:
{
}

Return stack:
{
}

RAM:
{
120 0 0 0 0 0 0 0 5 120 1 24 1 6 1 2 1 0 0 0 0 0 0 0 0 0 0 0 0 0 0 0 0 0 0 0 0 0 0 0 
0 0 0 0 0 0 0 0 0 0 0 0 0 0 0 0 0 0 0 0 0 0 0 0 0 0 0 0 0 0 0 0 0 0 0 0 0 0 0 0 
0 0 0 0 0 0 0 0 0 0 0 0 0 0 0 0 0 0 0 0 0 0 0 0 0 0 0 0 0 0 0 0 0 0 0 0 0 0 0 0 
0 0 0 0 0 0 0 0 0 0 0 0 0 0 0 0 0 0 0 0 0 0 0 0 0 0 0 0 0 0 0 0 0 0 0 0 0 0 0 0 
0 0 0 0 0 0 0 0 0 0 0 0 0 0 0 0 0 0 0 0 0 0 0 0 0 0 0 0 0 0 0 0 0 0 0 0 0 0 0 0 
0 0 0 0 0 0 0 0 0 0 0 0 0 0 0 0 0 0 0 0 0 0 0 0 0 0 0 0 0 0 0 0 0 0 0 0 0 0 0 0 
0 0 0 0 0 0 0 0 0 0 0 0 0 0 0 0 0 0 0 0 0 0 0 0 0 0 0 0 0 0 0 0 0 0 0 0 0 0 0 0 
0 0 0 0 0 0 0 0 0 0 0 0 0 0 0 0 0 0 0 0 0 0 0 0 0 0 0 0 0 0 0 0 0 0 0 0 0 0 0 0 
0 0 0 0 0 0 0 0 0 0 0 0 0 0 0 0 0 0 0 0 0 0 0 0 0 0 0 0 0 0 0 0 0 0 0 0 0 0 0 0 
0 0 0 0 0 0 0 0 0 0 0 0 0 0 0 0 0 0 0 0 0 0 0 0 0 0 0 0 0 0 0 0 0 0 0 0 0 0 0 0 
0 0 0 0 0 0 0 0 0 0 0 0 0 0 0 0 0 0 0 0 0 0 0 0 0 0 0 0 0 0 0 0 0 0 0 0 0 0 0 0 
0 0 0 0 0 0 0 0 0 0 0 0 0 0 0 0 0 0 0 0 0 0 0 0 0 0 0 0 0 0 0 0 0 0 0 0 0 0 0 0 
0 0 0 0 0 0 0 0 0 0 0 0 0 0 0 0 0 0 0 0 0 0 0 0 0 0 0 0 0 0 0 0 0 0 0 0 0 0 0 0 
0 0 0 0 0 0 0 0 0 0 0 0 0 0 0 0 0 0 0 0 0 0 0 0 0 0 0 0 0 0 0 0 0 0 0 0 0 0 0 0 
0 0 0 0 0 0 0 0 0 0 0 0 0 0 0 0 0 0 0 0 0 0 0 0 0 0 0 0 0 0 0 0 0 0 0 0 0 0 0 0 
0 0 0 0 0 0 0 0 0 0 0 0 0 0 0 0 0 0 0 0 0 0 0 0 0 0 0 0 0 0 0 0 0 0 0 0 0 0 0 0 
0 0 0 0 0 0 0 0 0 0 0 0 0 0 0 0 0 0 0 0 0 0 0 0 0 0 0 0 0 0 0 0 0 0 0 0 0 0 0 0 
0 0 0 0 0 0 0 0 0 0 0 0 0 0 0 0 0 0 0 0 0 0 0 0 0 0 0 0 0 0 0 0 0 0 0 0 0 0 0 0 
0 0 0 0 0 0 0 0 0 0 0 0 0 0 0 0 0 0 0 0 0 0 0 0 0 0 0 0 0 0 0 0 0 0 0 0 0 0 0 0 
0 0 0 0 0 0 0 0 0 0 0 0 0 0 0 0 0 0 0 0 0 0 0 0 0 0 0 0 0 0 0 0 0 0 0 0 0 0 0 0 
0 0 0 0 0 0 0 0 0 0 0 0 0 0 0 0 0 0 0 0 0 0 0 0 0 0 0 0 0 0 0 0 0 0 0 0 0 0 0 0 
0 0 0 0 0 0 0 0 0 0 0 0 0 0 0 0 0 0 0 0 0 0 0 0 0 0 0 0 0 0 0 0 0 0 0 0 0 0 0 0 
0 0 0 0 0 0 0 0 0 0 0 0 0 0 0 0 0 0 0 0 0 0 0 0 0 0 0 0 0 0 0 0 0 0 0 0 0 0 0 0 
0 0 0 0 0 0 0 0 0 0 0 0 0 0 0 0 0 0 0 0 0 0 0 0 0 0 0 0 0 0 0 0 0 0 0 0 0 0 0 0 
0 0 0 0 0 0 0 0 0 0 0 0 0 0 0 0 0 0 0 0 0 0 0 0 0 0 0 0 0 0 0 0 0 0 0 0 0 0 0 0 
0 0 0 0 0 0 0 0 0 0 0 0 0 0 0 0 0 0 0 0 0 0 0 0 0 0 0 0 0 0 0 0 0 0 0 0 0 0 0 0 
0 0 0 0 0 0 0 0 0 0 0 0 0 0 0 0 0 0 0 0 0 0 0 0 0 0 0 0 0 0 0 0 0 0 0 0 0 0 0 0 
0 0 0 0 0 0 0 0 0 0 0 0 0 0 0 0 0 0 0 0 0 0 0 0 0 0 0 0 0 0 0 0 0 0 0 0 0 0 0 0 
0 0 0 0 0 0 0 0 0 0 0 0 0 0 0 0 0 0 0 0 0 0 0 0 0 0 0 0 0 0 0 0 0 0 0 0 0 0 0 0 
0 0 0 0 0 0 0 0 0 0 0 0 0 0 0 0 0 0 0 0 0 0 0 0 0 0 0 0 0 0 0 0 0 0 0 0 0 0 0 0 
0 0 0 0 0 0 0 0 0 0 0 0 0 0 0 0 0 0 0 0 0 0 0 0 0 0 0 0 0 0 0 0 0 0 0 0 0 0 0 0 
0 0 0 0 0 0 0 0 0 0 0 0 0 0 0 0 0 0 0 0 0 0 0 0 0 0 0 0 0 0 0 0 0 0 0 0 0 0 0 0 
0 0 0 0 0 0 0 0 0 0 0 0 0 0 0 0 0 0 0 0 0 0 0 0 0 0 0 0 0 0 0 0 0 0 0 0 0 0 0 0 
0 0 0 0 0 0 0 0 0 0 0 0 0 0 0 0 0 0 0 0 0 0 0 0 0 0 0 0 0 0 0 0 0 0 0 0 0 0 0 0 
0 0 0 0 0 0 0 0 0 0 0 0 0 0 0 0 0 0 0 0 0 0 0 0 0 0 0 0 0 0 0 0 0 0 0 0 0 0 0 0 
0 0 0 0 0 0 0 0 0 0 0 0 0 0 0 0 0 0 0 0 0 0 0 0 0 0 0 0 0 0 0 0 0 0 0 0 0 0 0 0 
0 0 0 0 0 0 0 0 0 0 0 0 0 0 0 0 0 0 0 0 0 0 0 0 0 0 0 0 0 0 0 0 0 0 0 0 0 0 0 0 
0 0 0 0 0 0 0 0 0 0 0 0 0 0 0 0 0 0 0 0 0 0 0 0 0 0 0 0 0 0 0 0 0 0 0 0 0 0 0 0 
0 0 0 0 0 0 0 0 0 0 0 0 0 0 0 0 0 0 0 0 0 0 0 0 0 0 0 0 0 0 0 0 0 0 0 0 0 0 0 0 
0 0 0 0 0 0 0 0 0 0 0 0 0 0 0 0 0 0 0 0 0 0 0 0 0 0 0 0 0 0 0 0 0 0 0 0 0 0 0 0 
0 }



